[backblue.gif]
[fade.gif]
[index.html]
[itcthemes.com/demo/Universum/html/images/assets/favicon.png]
[itcthemes.com/demo/Universum/html/images/assets/logo.png]
[itcthemes.com/demo/Universum/html/images/placeholder/slider1.jpg]
[itcthemes.com/demo/Universum/html/images/placeholder/slider2.jpg]
[itcthemes.com/demo/Universum/html/images/placeholder/slider3.jpg]
[itcthemes.com/demo/Universum/html/images/placeholder/call-to-action.jpg]
[itcthemes.com/demo/Universum/html/images/placeholder/blog2.jpg]
[itcthemes.com/demo/Universum/html/images/placeholder/blog3.jpg]
[itcthemes.com/demo/Universum/html/images/placeholder/blog4.jpg]
[itcthemes.com/demo/Universum/html/images/placeholder/event1.jpg]
[itcthemes.com/demo/Universum/html/images/placeholder/event2.jpg]
[itcthemes.com/demo/Universum/html/images/placeholder/event3.jpg]
[itcthemes.com/demo/Universum/html/images/placeholder/team1.png]
[itcthemes.com/demo/Universum/html/images/placeholder/team2.png]
[itcthemes.com/demo/Universum/html/images/placeholder/team3.png]
[itcthemes.com/demo/Universum/html/images/placeholder/team4.png]
[itcthemes.com/demo/Universum/html/images/placeholder/product1.jpg]
[itcthemes.com/demo/Universum/html/images/placeholder/product2.jpg]
[itcthemes.com/demo/Universum/html/images/placeholder/product3.jpg]
[itcthemes.com/demo/Universum/html/images/placeholder/instargram1.jpg]
[itcthemes.com/demo/Universum/html/images/placeholder/instargram2.jpg]
[itcthemes.com/demo/Universum/html/images/placeholder/instargram3.jpg]
[itcthemes.com/demo/Universum/html/images/placeholder/instargram4.jpg]
[itcthemes.com/demo/Universum/html/images/placeholder/instargram5.jpg]
[itcthemes.com/demo/Universum/html/images/placeholder/instargram6.jpg]
[itcthemes.com/demo/Universum/html/js/jquery-1.11.3.js]
[itcthemes.com/demo/Universum/html/js/vendor/bootstrap.min.js]
[itcthemes.com/demo/Universum/html/js/vendor/parallax.min.js]
[itcthemes.com/demo/Universum/html/js/vendor/jquery-ui.min.js]
[itcthemes.com/demo/Universum/html/js/vendor/jquery.sticky.js]
[itcthemes.com/demo/Universum/html/js/vendor/owl.carousel.js]
[itcthemes.com/demo/Universum/html/js/vendor/jquery.prettyPhoto.js]
[itcthemes.com/demo/Universum/html/js/vendor/isotope.pkgd.min.js]
[itcthemes.com/demo/Universum/html/js/main.js]
[itcthemes.com/demo/Universum/html/index.html]
[itcthemes.com/demo/Universum/html/images/assets/icons/arrow-right.png]
[itcthemes.com/demo/Universum/html/images/assets/icons/play.png]
[itcthemes.com/demo/Universum/html/images/assets/main-title.png]
[itcthemes.com/demo/Universum/html/images/assets/ribbon-left.png]
[itcthemes.com/demo/Universum/html/images/assets/ribbon-right.png]
[itcthemes.com/demo/Universum/html/images/assets/icons/quote.png]
[itcthemes.com/demo/Universum/html/images/assets/main-title-white.png]
[itcthemes.com/demo/Universum/html/images/assets/new.png]
[itcthemes.com/demo/Universum/html/images/assets/hot.png]
[itcthemes.com/demo/Universum/html/images/assets/404.jpg]
[itcthemes.com/demo/Universum/html/images/assets/pattern.png]
[itcthemes.com/demo/Universum/html/images/assets/building.png]
[itcthemes.com/demo/Universum/html/style.css]
[itcthemes.com/demo/Universum/html/css/responsive.css]
[itcthemes.com/demo/Universum/html/index-2.html]
[itcthemes.com/demo/Universum/html/images/placeholder/slider4.jpg]
[itcthemes.com/demo/Universum/html/images/placeholder/slider5.jpg]
[itcthemes.com/demo/Universum/html/images/placeholder/slider6.jpg]
[itcthemes.com/demo/Universum/html/images/assets/icons/icon4.png]
[itcthemes.com/demo/Universum/html/images/assets/icons/icon5.png]
[itcthemes.com/demo/Universum/html/images/assets/icons/icon6.png]
[itcthemes.com/demo/Universum/html/images/placeholder/image1.jpg]
[itcthemes.com/demo/Universum/html/images/placeholder/image2.jpg]
[itcthemes.com/demo/Universum/html/images/placeholder/image3.jpg]
[itcthemes.com/demo/Universum/html/images/placeholder/image4.jpg]
[itcthemes.com/demo/Universum/html/images/placeholder/image5.jpg]
[itcthemes.com/demo/Universum/html/images/placeholder/image6.jpg]
[itcthemes.com/demo/Universum/html/images/placeholder/testimonial-bg.jpg]
[itcthemes.com/demo/Universum/html/images/placeholder/user15.png]
[itcthemes.com/demo/Universum/html/images/placeholder/call-to-action2.jpg]
[itcthemes.com/demo/Universum/html/index2.html]
[itcthemes.com/demo/Universum/html/images/assets/logo2.png]
[itcthemes.com/demo/Universum/html/images/placeholder/course1.jpg]
[itcthemes.com/demo/Universum/html/images/placeholder/course-list1.jpg]
[itcthemes.com/demo/Universum/html/images/placeholder/user3.jpg]
[itcthemes.com/demo/Universum/html/images/placeholder/course2.jpg]
[itcthemes.com/demo/Universum/html/images/placeholder/course-list2.jpg]
[itcthemes.com/demo/Universum/html/images/placeholder/user4.jpg]
[itcthemes.com/demo/Universum/html/images/placeholder/course3.jpg]
[itcthemes.com/demo/Universum/html/images/placeholder/course-list3.jpg]
[itcthemes.com/demo/Universum/html/images/placeholder/user5.jpg]
[itcthemes.com/demo/Universum/html/images/placeholder/course4.jpg]
[itcthemes.com/demo/Universum/html/images/placeholder/course-list4.jpg]
[itcthemes.com/demo/Universum/html/images/placeholder/user6.jpg]
[itcthemes.com/demo/Universum/html/images/placeholder/course5.jpg]
[itcthemes.com/demo/Universum/html/images/placeholder/course-list5.jpg]
[itcthemes.com/demo/Universum/html/images/placeholder/user7.jpg]
[itcthemes.com/demo/Universum/html/images/placeholder/course6.jpg]
[itcthemes.com/demo/Universum/html/images/placeholder/user8.jpg]
[itcthemes.com/demo/Universum/html/images/placeholder/course7.jpg]
[itcthemes.com/demo/Universum/html/images/placeholder/user9.jpg]
[itcthemes.com/demo/Universum/html/images/placeholder/course8.jpg]
[itcthemes.com/demo/Universum/html/images/placeholder/user10.jpg]
[itcthemes.com/demo/Universum/html/images/placeholder/partner1.png]
[itcthemes.com/demo/Universum/html/images/placeholder/partner2.png]
[itcthemes.com/demo/Universum/html/images/placeholder/partner3.png]
[itcthemes.com/demo/Universum/html/images/placeholder/partner4.png]
[itcthemes.com/demo/Universum/html/images/placeholder/partner5.png]
[itcthemes.com/demo/Universum/html/images/placeholder/partner6.png]
[itcthemes.com/demo/Universum/html/index3.html]
[itcthemes.com/demo/Universum/html/images/assets/logo4.png]
[itcthemes.com/demo/Universum/html/images/placeholder/slider7.jpg]
[itcthemes.com/demo/Universum/html/images/assets/icons/icon7.png]
[itcthemes.com/demo/Universum/html/images/assets/icons/icon8.png]
[itcthemes.com/demo/Universum/html/images/assets/icons/icon9.png]
[itcthemes.com/demo/Universum/html/images/assets/icons/icon10.png]
[itcthemes.com/demo/Universum/html/index4.html]
[itcthemes.com/demo/Universum/html/images/placeholder/slider8.jpg]
[itcthemes.com/demo/Universum/html/images/placeholder/slider9.jpg]
[itcthemes.com/demo/Universum/html/images/placeholder/slider10.jpg]
[itcthemes.com/demo/Universum/html/index5.html]
[itcthemes.com/demo/Universum/html/images/placeholder/slider11.jpg]
[itcthemes.com/demo/Universum/html/images/placeholder/course9.jpg]
[itcthemes.com/demo/Universum/html/images/placeholder/user11.jpg]
[itcthemes.com/demo/Universum/html/images/placeholder/course10.jpg]
[itcthemes.com/demo/Universum/html/images/placeholder/course11.jpg]
[itcthemes.com/demo/Universum/html/images/placeholder/course12.jpg]
[itcthemes.com/demo/Universum/html/images/placeholder/learn-trial.jpg]
[itcthemes.com/demo/Universum/html/index6.html]
[itcthemes.com/demo/Universum/html/images/assets/logo3.png]
[itcthemes.com/demo/Universum/html/images/placeholder/slider12.jpg]
[itcthemes.com/demo/Universum/html/images/placeholder/academy.jpg]
[itcthemes.com/demo/Universum/html/index7.html]
[itcthemes.com/demo/Universum/html/images/placeholder/slider16.jpg]
[itcthemes.com/demo/Universum/html/images/placeholder/slider17.jpg]
[itcthemes.com/demo/Universum/html/images/placeholder/slider18.jpg]
[itcthemes.com/demo/Universum/html/images/assets/icons/icon11.png]
[itcthemes.com/demo/Universum/html/images/assets/icons/icon12.png]
[itcthemes.com/demo/Universum/html/images/assets/icons/icon13.png]
[itcthemes.com/demo/Universum/html/images/assets/icons/icon14.png]
[itcthemes.com/demo/Universum/html/images/placeholder/video2.jpg]
[itcthemes.com/demo/Universum/html/images/placeholder/slider19.jpg]
[itcthemes.com/demo/Universum/html/index8.html]
[itcthemes.com/demo/Universum/html/images/placeholder/slider13.jpg]
[itcthemes.com/demo/Universum/html/images/placeholder/slider14.jpg]
[itcthemes.com/demo/Universum/html/images/placeholder/slider15.jpg]
[itcthemes.com/demo/Universum/html/images/placeholder/image7.jpg]
[itcthemes.com/demo/Universum/html/images/placeholder/image8.jpg]
[itcthemes.com/demo/Universum/html/images/placeholder/image9.jpg]
[itcthemes.com/demo/Universum/html/index9.html]
[itcthemes.com/demo/Universum/html/images/placeholder/courses-title.jpg]
[itcthemes.com/demo/Universum/html/images/placeholder/course-wd1.jpg]
[itcthemes.com/demo/Universum/html/images/placeholder/course-wd2.jpg]
[itcthemes.com/demo/Universum/html/images/placeholder/course-wd3.jpg]
[itcthemes.com/demo/Universum/html/images/placeholder/news1.jpg]
[itcthemes.com/demo/Universum/html/images/placeholder/news2.jpg]
[itcthemes.com/demo/Universum/html/images/placeholder/news3.jpg]
[itcthemes.com/demo/Universum/html/courses.html]
[itcthemes.com/demo/Universum/html/courses-fullwidth.html]
[itcthemes.com/demo/Universum/html/courses-list.html]
[itcthemes.com/demo/Universum/html/courses-table.html]
[itcthemes.com/demo/Universum/html/courses-table-fullwidth.html]
[itcthemes.com/demo/Universum/html/images/placeholder/course-detail1.jpg]
[itcthemes.com/demo/Universum/html/images/placeholder/user12.jpg]
[itcthemes.com/demo/Universum/html/images/placeholder/user13.jpg]
[itcthemes.com/demo/Universum/html/images/placeholder/video1.jpg]
[itcthemes.com/demo/Universum/html/images/placeholder/gallery1.jpg]
[itcthemes.com/demo/Universum/html/images/placeholder/gallery2.jpg]
[itcthemes.com/demo/Universum/html/images/placeholder/gallery3.jpg]
[itcthemes.com/demo/Universum/html/images/placeholder/gallery4.jpg]
[itcthemes.com/demo/Universum/html/images/placeholder/gallery5.jpg]
[itcthemes.com/demo/Universum/html/images/placeholder/gallery6.jpg]
[itcthemes.com/demo/Universum/html/images/placeholder/user1.jpg]
[itcthemes.com/demo/Universum/html/images/placeholder/user2.jpg]
[itcthemes.com/demo/Universum/html/single-course.html]
[itcthemes.com/demo/Universum/html/single-course-v2.html]
[itcthemes.com/demo/Universum/html/images/placeholder/course-title.jpg]
[itcthemes.com/demo/Universum/html/images/placeholder/video3.jpg]
[itcthemes.com/demo/Universum/html/images/placeholder/user14.jpg]
[itcthemes.com/demo/Universum/html/single-course-v3.html]
[itcthemes.com/demo/Universum/html/images/placeholder/event-title.jpg]
[itcthemes.com/demo/Universum/html/images/placeholder/event4.jpg]
[itcthemes.com/demo/Universum/html/images/placeholder/event5.jpg]
[itcthemes.com/demo/Universum/html/images/placeholder/event6.jpg]
[itcthemes.com/demo/Universum/html/event-grid.html]
[itcthemes.com/demo/Universum/html/js/vendor/moment.min.js]
[itcthemes.com/demo/Universum/html/js/vendor/fullcalendar.min.js]
[itcthemes.com/demo/Universum/html/event-calendar.html]
[itcthemes.com/demo/Universum/html/images/placeholder/event-detail1.jpg]
[itcthemes.com/demo/Universum/html/single-event.html]
[itcthemes.com/demo/Universum/html/images/placeholder/shop-title.jpg]
[itcthemes.com/demo/Universum/html/images/placeholder/product4.jpg]
[itcthemes.com/demo/Universum/html/images/placeholder/product5.jpg]
[itcthemes.com/demo/Universum/html/images/placeholder/product6.jpg]
[itcthemes.com/demo/Universum/html/images/placeholder/product7.jpg]
[itcthemes.com/demo/Universum/html/images/placeholder/product8.jpg]
[itcthemes.com/demo/Universum/html/shop.html]
[itcthemes.com/demo/Universum/html/shop-list.html]
[itcthemes.com/demo/Universum/html/shop-fullwidth.html]
[itcthemes.com/demo/Universum/html/images/placeholder/product-lg1.jpg]
[itcthemes.com/demo/Universum/html/images/placeholder/product-sm1.jpg]
[itcthemes.com/demo/Universum/html/images/placeholder/product-sm2.jpg]
[itcthemes.com/demo/Universum/html/single-product.html]
[itcthemes.com/demo/Universum/html/single-product-right-sidebar.html]
[itcthemes.com/demo/Universum/html/images/placeholder/blog-title.jpg]
[itcthemes.com/demo/Universum/html/images/placeholder/cart1.jpg]
[itcthemes.com/demo/Universum/html/images/placeholder/cart2.jpg]
[itcthemes.com/demo/Universum/html/cart.html]
[itcthemes.com/demo/Universum/html/checkout.html]
[itcthemes.com/demo/Universum/html/images/placeholder/blog1.jpg]
[itcthemes.com/demo/Universum/html/images/placeholder/blog5.jpg]
[itcthemes.com/demo/Universum/html/images/placeholder/blog6.jpg]
[itcthemes.com/demo/Universum/html/images/placeholder/blog7.jpg]
[itcthemes.com/demo/Universum/html/images/placeholder/blog8.jpg]
[itcthemes.com/demo/Universum/html/images/placeholder/blog9.jpg]
[itcthemes.com/demo/Universum/html/images/placeholder/blog10.jpg]
[itcthemes.com/demo/Universum/html/blog.html]
[itcthemes.com/demo/Universum/html/images/placeholder/blog11.jpg]
[itcthemes.com/demo/Universum/html/images/placeholder/blog12.jpg]
[itcthemes.com/demo/Universum/html/images/placeholder/blog13.jpg]
[itcthemes.com/demo/Universum/html/images/placeholder/blog14.jpg]
[itcthemes.com/demo/Universum/html/images/placeholder/blog15.jpg]
[itcthemes.com/demo/Universum/html/blog-list.html]
[itcthemes.com/demo/Universum/html/images/placeholder/blog16.jpg]
[itcthemes.com/demo/Universum/html/images/placeholder/blog17.jpg]
[itcthemes.com/demo/Universum/html/images/placeholder/blog18.jpg]
[itcthemes.com/demo/Universum/html/images/placeholder/blog19.jpg]
[itcthemes.com/demo/Universum/html/images/placeholder/blog20.jpg]
[itcthemes.com/demo/Universum/html/images/placeholder/blog21.jpg]
[itcthemes.com/demo/Universum/html/blog-list-v2.html]
[itcthemes.com/demo/Universum/html/images/placeholder/blog-detail1.jpg]
[itcthemes.com/demo/Universum/html/single.html]
[itcthemes.com/demo/Universum/html/images/placeholder/blog-detail2.jpg]
[itcthemes.com/demo/Universum/html/single-v2.html]
[itcthemes.com/demo/Universum/html/images/assets/logo-small.png]
[itcthemes.com/demo/Universum/html/404.html]
[itcthemes.com/demo/Universum/html/images/placeholder/about-title.jpg]
[itcthemes.com/demo/Universum/html/images/placeholder/about1.jpg]
[itcthemes.com/demo/Universum/html/images/placeholder/about2.jpg]
[itcthemes.com/demo/Universum/html/images/assets/icons/icon1.png]
[itcthemes.com/demo/Universum/html/images/assets/icons/icon2.png]
[itcthemes.com/demo/Universum/html/images/assets/icons/icon3.png]
[itcthemes.com/demo/Universum/html/images/placeholder/team5.png]
[itcthemes.com/demo/Universum/html/images/placeholder/team6.png]
[itcthemes.com/demo/Universum/html/images/placeholder/team7.png]
[itcthemes.com/demo/Universum/html/images/placeholder/team8.png]
[itcthemes.com/demo/Universum/html/about.html]
[itcthemes.com/demo/Universum/html/contact.html]
[itcthemes.com/demo/Universum/html/css/vendor/animate.css]
[itcthemes.com/demo/Universum/html/fonts/fontawesome-webfont3295.eot]
[itcthemes.com/demo/Universum/html/fonts/fontawesome-webfontd41d.eot]
[itcthemes.com/demo/Universum/html/fonts/fontawesome-webfont3295.woff2]
[itcthemes.com/demo/Universum/html/fonts/fontawesome-webfont3295.woff]
[itcthemes.com/demo/Universum/html/fonts/fontawesome-webfont3295.ttf]
[itcthemes.com/demo/Universum/html/css/vendor/font-awesome.min.css]
[itcthemes.com/demo/Universum/html/css/vendor/bootstrap.min.css]
[itcthemes.com/demo/Universum/html/css/vendor/owl.carousel.css]
[itcthemes.com/demo/Universum/html/images/assets/prettyPhoto/default/sprite.png]
[itcthemes.com/demo/Universum/html/images/assets/prettyPhoto/default/sprite_x.png]
[itcthemes.com/demo/Universum/html/images/assets/prettyPhoto/default/sprite_y.png]
[itcthemes.com/demo/Universum/html/images/assets/prettyPhoto/default/sprite_next.png]
[itcthemes.com/demo/Universum/html/images/assets/prettyPhoto/default/sprite_prev.png]
[itcthemes.com/demo/Universum/html/images/assets/prettyPhoto/default/default_thumb.png]
[itcthemes.com/demo/Universum/html/images/assets/prettyPhoto/default/loader.gif]
[itcthemes.com/demo/Universum/html/images/assets/prettyPhoto/light_rounded/sprite.png]
[itcthemes.com/demo/Universum/html/images/assets/prettyPhoto/light_rounded/btnNext.png]
[itcthemes.com/demo/Universum/html/images/assets/prettyPhoto/light_rounded/btnPrevious.png]
[itcthemes.com/demo/Universum/html/images/assets/prettyPhoto/light_rounded/loader.gif]
[itcthemes.com/demo/Universum/html/images/assets/prettyPhoto/dark_rounded/sprite.png]
[itcthemes.com/demo/Universum/html/images/assets/prettyPhoto/dark_rounded/contentPattern.png]
[itcthemes.com/demo/Universum/html/images/assets/prettyPhoto/dark_rounded/btnNext.png]
[itcthemes.com/demo/Universum/html/images/assets/prettyPhoto/dark_rounded/btnPrevious.png]
[itcthemes.com/demo/Universum/html/images/assets/prettyPhoto/dark_rounded/loader.gif]
[itcthemes.com/demo/Universum/html/images/assets/prettyPhoto/dark_square/loader.gif]
[itcthemes.com/demo/Universum/html/images/assets/prettyPhoto/dark_square/sprite.png]
[itcthemes.com/demo/Universum/html/images/assets/prettyPhoto/dark_square/btnNext.png]
[itcthemes.com/demo/Universum/html/images/assets/prettyPhoto/dark_square/btnPrevious.png]
[itcthemes.com/demo/Universum/html/images/assets/prettyPhoto/light_square/sprite.png]
[itcthemes.com/demo/Universum/html/images/assets/prettyPhoto/light_square/btnNext.png]
[itcthemes.com/demo/Universum/html/images/assets/prettyPhoto/light_square/btnPrevious.png]
[itcthemes.com/demo/Universum/html/images/assets/prettyPhoto/facebook/sprite.png]
[itcthemes.com/demo/Universum/html/images/assets/prettyPhoto/facebook/contentPatternTop.png]
[itcthemes.com/demo/Universum/html/images/assets/prettyPhoto/facebook/contentPatternLeft.png]
[itcthemes.com/demo/Universum/html/images/assets/prettyPhoto/facebook/contentPatternRight.png]
[itcthemes.com/demo/Universum/html/images/assets/prettyPhoto/facebook/loader.gif]
[itcthemes.com/demo/Universum/html/images/assets/prettyPhoto/facebook/btnNext.png]
[itcthemes.com/demo/Universum/html/images/assets/prettyPhoto/facebook/btnPrevious.png]
[itcthemes.com/demo/Universum/html/images/assets/prettyPhoto/facebook/contentPatternBottom.png]
[itcthemes.com/demo/Universum/html/images/assets/prettyPhoto/facebook/default_thumbnail.gif]
[itcthemes.com/demo/Universum/html/css/vendor/prettyPhoto.css]
[itcthemes.com/demo/Universum/html/css/vendor/fullcalendar.min.css]
[itcthemes.com/demo/Universum/html/fonts/fontawesome-webfont3295.svg]
[itcthemes.com/demo/Universum/html/css/fonts/glyphicons-halflings-regular.html]
[itcthemes.com/demo/Universum/html/css/fonts/glyphicons-halflings-regulard41d.html]
[itcthemes.com/demo/Universum/html/css/fonts/glyphicons-halflings-regular-2.html]
[itcthemes.com/demo/Universum/html/css/fonts/glyphicons-halflings-regular-3.html]
[itcthemes.com/demo/Universum/html/css/fonts/glyphicons-halflings-regular-4.html]
[itcthemes.com/demo/Universum/html/css/fonts/glyphicons-halflings-regular-5.html]
[itcthemes.com/demo/Universum/html/images/assets/grabbing.html]
